<!doctype html public "-//w3c//dtd html 4.0 transitional//en">
<html><head>
<title>Static Call Graph - [.\Objects\Demo1.axf]</title></head>
<body><HR>
<H1>Static Call Graph for image .\Objects\Demo1.axf</H1><HR>
<BR><P>#&#060CALLGRAPH&#062# ARM Linker, 5060300: Last Updated: Thu Aug 26 20:25:20 2021
<BR><P>
<H3>Maximum Stack Usage =         24 bytes + Unknown(Cycles, Untraceable Function Pointers)</H3><H3>
Call chain for Maximum Stack Depth:</H3>
main &rArr; Timer32_initModule
<P>
<H3>
Mutually Recursive functions
</H3> <LI><a href="#[1]">NMI_Handler</a>&nbsp;&nbsp;&nbsp;&rArr;&nbsp;&nbsp;&nbsp;<a href="#[1]">NMI_Handler</a><BR>
 <LI><a href="#[2]">HardFault_Handler</a>&nbsp;&nbsp;&nbsp;&rArr;&nbsp;&nbsp;&nbsp;<a href="#[2]">HardFault_Handler</a><BR>
 <LI><a href="#[3]">MemManage_Handler</a>&nbsp;&nbsp;&nbsp;&rArr;&nbsp;&nbsp;&nbsp;<a href="#[3]">MemManage_Handler</a><BR>
 <LI><a href="#[4]">BusFault_Handler</a>&nbsp;&nbsp;&nbsp;&rArr;&nbsp;&nbsp;&nbsp;<a href="#[4]">BusFault_Handler</a><BR>
 <LI><a href="#[5]">UsageFault_Handler</a>&nbsp;&nbsp;&nbsp;&rArr;&nbsp;&nbsp;&nbsp;<a href="#[5]">UsageFault_Handler</a><BR>
 <LI><a href="#[6]">SVC_Handler</a>&nbsp;&nbsp;&nbsp;&rArr;&nbsp;&nbsp;&nbsp;<a href="#[6]">SVC_Handler</a><BR>
 <LI><a href="#[7]">DebugMon_Handler</a>&nbsp;&nbsp;&nbsp;&rArr;&nbsp;&nbsp;&nbsp;<a href="#[7]">DebugMon_Handler</a><BR>
 <LI><a href="#[8]">PendSV_Handler</a>&nbsp;&nbsp;&nbsp;&rArr;&nbsp;&nbsp;&nbsp;<a href="#[8]">PendSV_Handler</a><BR>
 <LI><a href="#[9]">SysTick_Handler</a>&nbsp;&nbsp;&nbsp;&rArr;&nbsp;&nbsp;&nbsp;<a href="#[9]">SysTick_Handler</a><BR>
 <LI><a href="#[1e]">ADC14_IRQHandler</a>&nbsp;&nbsp;&nbsp;&rArr;&nbsp;&nbsp;&nbsp;<a href="#[1e]">ADC14_IRQHandler</a><BR>
</UL>
<P>
<H3>
Function Pointers
</H3><UL>
 <LI><a href="#[1e]">ADC14_IRQHandler</a> from startup_msp432p4011_uvision.o(.text) referenced from startup_msp432p4011_uvision.o(RESET)
 <LI><a href="#[22]">AES256_IRQHandler</a> from startup_msp432p4011_uvision.o(.text) referenced from startup_msp432p4011_uvision.o(RESET)
 <LI><a href="#[4]">BusFault_Handler</a> from startup_msp432p4011_uvision.o(.text) referenced from startup_msp432p4011_uvision.o(RESET)
 <LI><a href="#[10]">COMP_E0_IRQHandler</a> from startup_msp432p4011_uvision.o(.text) referenced from startup_msp432p4011_uvision.o(RESET)
 <LI><a href="#[11]">COMP_E1_IRQHandler</a> from startup_msp432p4011_uvision.o(.text) referenced from startup_msp432p4011_uvision.o(RESET)
 <LI><a href="#[b]">CS_IRQHandler</a> from startup_msp432p4011_uvision.o(.text) referenced from startup_msp432p4011_uvision.o(RESET)
 <LI><a href="#[24]">DMA_ERR_IRQHandler</a> from startup_msp432p4011_uvision.o(.text) referenced from startup_msp432p4011_uvision.o(RESET)
 <LI><a href="#[28]">DMA_INT0_IRQHandler</a> from startup_msp432p4011_uvision.o(.text) referenced from startup_msp432p4011_uvision.o(RESET)
 <LI><a href="#[27]">DMA_INT1_IRQHandler</a> from startup_msp432p4011_uvision.o(.text) referenced from startup_msp432p4011_uvision.o(RESET)
 <LI><a href="#[26]">DMA_INT2_IRQHandler</a> from startup_msp432p4011_uvision.o(.text) referenced from startup_msp432p4011_uvision.o(RESET)
 <LI><a href="#[25]">DMA_INT3_IRQHandler</a> from startup_msp432p4011_uvision.o(.text) referenced from startup_msp432p4011_uvision.o(RESET)
 <LI><a href="#[7]">DebugMon_Handler</a> from startup_msp432p4011_uvision.o(.text) referenced from startup_msp432p4011_uvision.o(RESET)
 <LI><a href="#[18]">EUSCIA0_IRQHandler</a> from startup_msp432p4011_uvision.o(.text) referenced from startup_msp432p4011_uvision.o(RESET)
 <LI><a href="#[19]">EUSCIA1_IRQHandler</a> from startup_msp432p4011_uvision.o(.text) referenced from startup_msp432p4011_uvision.o(RESET)
 <LI><a href="#[1a]">EUSCIA2_IRQHandler</a> from startup_msp432p4011_uvision.o(.text) referenced from startup_msp432p4011_uvision.o(RESET)
 <LI><a href="#[1b]">EUSCIB0_IRQHandler</a> from startup_msp432p4011_uvision.o(.text) referenced from startup_msp432p4011_uvision.o(RESET)
 <LI><a href="#[1c]">EUSCIB2_IRQHandler</a> from startup_msp432p4011_uvision.o(.text) referenced from startup_msp432p4011_uvision.o(RESET)
 <LI><a href="#[1d]">EUSCIB3_IRQHandler</a> from startup_msp432p4011_uvision.o(.text) referenced from startup_msp432p4011_uvision.o(RESET)
 <LI><a href="#[f]">FLCTL_A_IRQHandler</a> from startup_msp432p4011_uvision.o(.text) referenced from startup_msp432p4011_uvision.o(RESET)
 <LI><a href="#[e]">FPU_IRQHandler</a> from startup_msp432p4011_uvision.o(.text) referenced from startup_msp432p4011_uvision.o(RESET)
 <LI><a href="#[2]">HardFault_Handler</a> from startup_msp432p4011_uvision.o(.text) referenced from startup_msp432p4011_uvision.o(RESET)
 <LI><a href="#[3]">MemManage_Handler</a> from startup_msp432p4011_uvision.o(.text) referenced from startup_msp432p4011_uvision.o(RESET)
 <LI><a href="#[1]">NMI_Handler</a> from startup_msp432p4011_uvision.o(.text) referenced from startup_msp432p4011_uvision.o(RESET)
 <LI><a href="#[c]">PCM_IRQHandler</a> from startup_msp432p4011_uvision.o(.text) referenced from startup_msp432p4011_uvision.o(RESET)
 <LI><a href="#[29]">PORT1_IRQHandler</a> from startup_msp432p4011_uvision.o(.text) referenced from startup_msp432p4011_uvision.o(RESET)
 <LI><a href="#[2a]">PORT2_IRQHandler</a> from startup_msp432p4011_uvision.o(.text) referenced from startup_msp432p4011_uvision.o(RESET)
 <LI><a href="#[2b]">PORT3_IRQHandler</a> from startup_msp432p4011_uvision.o(.text) referenced from startup_msp432p4011_uvision.o(RESET)
 <LI><a href="#[2c]">PORT4_IRQHandler</a> from startup_msp432p4011_uvision.o(.text) referenced from startup_msp432p4011_uvision.o(RESET)
 <LI><a href="#[2d]">PORT5_IRQHandler</a> from startup_msp432p4011_uvision.o(.text) referenced from startup_msp432p4011_uvision.o(RESET)
 <LI><a href="#[2e]">PORT6_IRQHandler</a> from startup_msp432p4011_uvision.o(.text) referenced from startup_msp432p4011_uvision.o(RESET)
 <LI><a href="#[a]">PSS_IRQHandler</a> from startup_msp432p4011_uvision.o(.text) referenced from startup_msp432p4011_uvision.o(RESET)
 <LI><a href="#[8]">PendSV_Handler</a> from startup_msp432p4011_uvision.o(.text) referenced from startup_msp432p4011_uvision.o(RESET)
 <LI><a href="#[23]">RTC_C_IRQHandler</a> from startup_msp432p4011_uvision.o(.text) referenced from startup_msp432p4011_uvision.o(RESET)
 <LI><a href="#[0]">Reset_Handler</a> from startup_msp432p4011_uvision.o(.text) referenced from startup_msp432p4011_uvision.o(RESET)
 <LI><a href="#[6]">SVC_Handler</a> from startup_msp432p4011_uvision.o(.text) referenced from startup_msp432p4011_uvision.o(RESET)
 <LI><a href="#[9]">SysTick_Handler</a> from startup_msp432p4011_uvision.o(.text) referenced from startup_msp432p4011_uvision.o(RESET)
 <LI><a href="#[30]">SystemInit</a> from system_msp432p4011.o(i.SystemInit) referenced from startup_msp432p4011_uvision.o(.text)
 <LI><a href="#[1f]">T32_INT1_IRQHandler</a> from startup_msp432p4011_uvision.o(.text) referenced from startup_msp432p4011_uvision.o(RESET)
 <LI><a href="#[20]">T32_INT2_IRQHandler</a> from startup_msp432p4011_uvision.o(.text) referenced from startup_msp432p4011_uvision.o(RESET)
 <LI><a href="#[21]">T32_INTC_IRQHandler</a> from startup_msp432p4011_uvision.o(.text) referenced from startup_msp432p4011_uvision.o(RESET)
 <LI><a href="#[12]">TA0_0_IRQHandler</a> from startup_msp432p4011_uvision.o(.text) referenced from startup_msp432p4011_uvision.o(RESET)
 <LI><a href="#[13]">TA0_N_IRQHandler</a> from startup_msp432p4011_uvision.o(.text) referenced from startup_msp432p4011_uvision.o(RESET)
 <LI><a href="#[14]">TA1_0_IRQHandler</a> from startup_msp432p4011_uvision.o(.text) referenced from startup_msp432p4011_uvision.o(RESET)
 <LI><a href="#[15]">TA1_N_IRQHandler</a> from startup_msp432p4011_uvision.o(.text) referenced from startup_msp432p4011_uvision.o(RESET)
 <LI><a href="#[16]">TA2_0_IRQHandler</a> from startup_msp432p4011_uvision.o(.text) referenced from startup_msp432p4011_uvision.o(RESET)
 <LI><a href="#[17]">TA2_N_IRQHandler</a> from startup_msp432p4011_uvision.o(.text) referenced from startup_msp432p4011_uvision.o(RESET)
 <LI><a href="#[5]">UsageFault_Handler</a> from startup_msp432p4011_uvision.o(.text) referenced from startup_msp432p4011_uvision.o(RESET)
 <LI><a href="#[d]">WDT_A_IRQHandler</a> from startup_msp432p4011_uvision.o(.text) referenced from startup_msp432p4011_uvision.o(RESET)
 <LI><a href="#[31]">__main</a> from entry.o(.ARM.Collect$$$$00000000) referenced from startup_msp432p4011_uvision.o(.text)
 <LI><a href="#[2f]">main</a> from main.o(i.main) referenced from entry9a.o(.ARM.Collect$$$$0000000B)
</UL>
<P>
<H3>
Global Symbols
</H3>
<P><STRONG><a name="[31]"></a>__main</STRONG> (Thumb, 0 bytes, Stack size unknown bytes, entry.o(.ARM.Collect$$$$00000000))
<BR>[Address Reference Count : 1]<UL><LI> startup_msp432p4011_uvision.o(.text)
</UL>
<P><STRONG><a name="[39]"></a>_main_stk</STRONG> (Thumb, 0 bytes, Stack size unknown bytes, entry2.o(.ARM.Collect$$$$00000001))

<P><STRONG><a name="[32]"></a>_main_scatterload</STRONG> (Thumb, 0 bytes, Stack size unknown bytes, entry5.o(.ARM.Collect$$$$00000004))
<BR><BR>[Calls]<UL><LI><a href="#[33]">&gt;&gt;</a>&nbsp;&nbsp;&nbsp;__scatterload
</UL>

<P><STRONG><a name="[34]"></a>__main_after_scatterload</STRONG> (Thumb, 0 bytes, Stack size unknown bytes, entry5.o(.ARM.Collect$$$$00000004))
<BR><BR>[Called By]<UL><LI><a href="#[33]">&gt;&gt;</a>&nbsp;&nbsp;&nbsp;__scatterload
</UL>

<P><STRONG><a name="[3a]"></a>_main_clock</STRONG> (Thumb, 0 bytes, Stack size unknown bytes, entry7b.o(.ARM.Collect$$$$00000008))

<P><STRONG><a name="[3b]"></a>_main_cpp_init</STRONG> (Thumb, 0 bytes, Stack size unknown bytes, entry8b.o(.ARM.Collect$$$$0000000A))

<P><STRONG><a name="[3c]"></a>_main_init</STRONG> (Thumb, 0 bytes, Stack size unknown bytes, entry9a.o(.ARM.Collect$$$$0000000B))

<P><STRONG><a name="[3d]"></a>__rt_final_cpp</STRONG> (Thumb, 0 bytes, Stack size unknown bytes, entry10a.o(.ARM.Collect$$$$0000000D))

<P><STRONG><a name="[3e]"></a>__rt_final_exit</STRONG> (Thumb, 0 bytes, Stack size unknown bytes, entry11a.o(.ARM.Collect$$$$0000000F))

<P><STRONG><a name="[3f]"></a>CPU_cpsid</STRONG> (Thumb, 8 bytes, Stack size 0 bytes, cpu.o(.emb_text), UNUSED)

<P><STRONG><a name="[40]"></a>CPU_primask</STRONG> (Thumb, 6 bytes, Stack size 0 bytes, cpu.o(.emb_text), UNUSED)

<P><STRONG><a name="[36]"></a>CPU_cpsie</STRONG> (Thumb, 8 bytes, Stack size 0 bytes, cpu.o(.emb_text))
<BR><BR>[Called By]<UL><LI><a href="#[35]">&gt;&gt;</a>&nbsp;&nbsp;&nbsp;Interrupt_enableMaster
</UL>

<P><STRONG><a name="[41]"></a>CPU_wfi</STRONG> (Thumb, 4 bytes, Stack size 0 bytes, cpu.o(.emb_text), UNUSED)

<P><STRONG><a name="[42]"></a>CPU_basepriSet</STRONG> (Thumb, 6 bytes, Stack size 0 bytes, cpu.o(.emb_text), UNUSED)

<P><STRONG><a name="[43]"></a>CPU_basepriGet</STRONG> (Thumb, 6 bytes, Stack size 0 bytes, cpu.o(.emb_text), UNUSED)

<P><STRONG><a name="[0]"></a>Reset_Handler</STRONG> (Thumb, 8 bytes, Stack size 0 bytes, startup_msp432p4011_uvision.o(.text))
<BR>[Address Reference Count : 1]<UL><LI> startup_msp432p4011_uvision.o(RESET)
</UL>
<P><STRONG><a name="[1]"></a>NMI_Handler</STRONG> (Thumb, 2 bytes, Stack size 0 bytes, startup_msp432p4011_uvision.o(.text))
<BR><BR>[Calls]<UL><LI><a href="#[1]">&gt;&gt;</a>&nbsp;&nbsp;&nbsp;NMI_Handler
</UL>
<BR>[Called By]<UL><LI><a href="#[1]">&gt;&gt;</a>&nbsp;&nbsp;&nbsp;NMI_Handler
</UL>
<BR>[Address Reference Count : 1]<UL><LI> startup_msp432p4011_uvision.o(RESET)
</UL>
<P><STRONG><a name="[2]"></a>HardFault_Handler</STRONG> (Thumb, 2 bytes, Stack size 0 bytes, startup_msp432p4011_uvision.o(.text))
<BR><BR>[Calls]<UL><LI><a href="#[2]">&gt;&gt;</a>&nbsp;&nbsp;&nbsp;HardFault_Handler
</UL>
<BR>[Called By]<UL><LI><a href="#[2]">&gt;&gt;</a>&nbsp;&nbsp;&nbsp;HardFault_Handler
</UL>
<BR>[Address Reference Count : 1]<UL><LI> startup_msp432p4011_uvision.o(RESET)
</UL>
<P><STRONG><a name="[3]"></a>MemManage_Handler</STRONG> (Thumb, 2 bytes, Stack size 0 bytes, startup_msp432p4011_uvision.o(.text))
<BR><BR>[Calls]<UL><LI><a href="#[3]">&gt;&gt;</a>&nbsp;&nbsp;&nbsp;MemManage_Handler
</UL>
<BR>[Called By]<UL><LI><a href="#[3]">&gt;&gt;</a>&nbsp;&nbsp;&nbsp;MemManage_Handler
</UL>
<BR>[Address Reference Count : 1]<UL><LI> startup_msp432p4011_uvision.o(RESET)
</UL>
<P><STRONG><a name="[4]"></a>BusFault_Handler</STRONG> (Thumb, 2 bytes, Stack size 0 bytes, startup_msp432p4011_uvision.o(.text))
<BR><BR>[Calls]<UL><LI><a href="#[4]">&gt;&gt;</a>&nbsp;&nbsp;&nbsp;BusFault_Handler
</UL>
<BR>[Called By]<UL><LI><a href="#[4]">&gt;&gt;</a>&nbsp;&nbsp;&nbsp;BusFault_Handler
</UL>
<BR>[Address Reference Count : 1]<UL><LI> startup_msp432p4011_uvision.o(RESET)
</UL>
<P><STRONG><a name="[5]"></a>UsageFault_Handler</STRONG> (Thumb, 2 bytes, Stack size 0 bytes, startup_msp432p4011_uvision.o(.text))
<BR><BR>[Calls]<UL><LI><a href="#[5]">&gt;&gt;</a>&nbsp;&nbsp;&nbsp;UsageFault_Handler
</UL>
<BR>[Called By]<UL><LI><a href="#[5]">&gt;&gt;</a>&nbsp;&nbsp;&nbsp;UsageFault_Handler
</UL>
<BR>[Address Reference Count : 1]<UL><LI> startup_msp432p4011_uvision.o(RESET)
</UL>
<P><STRONG><a name="[6]"></a>SVC_Handler</STRONG> (Thumb, 2 bytes, Stack size 0 bytes, startup_msp432p4011_uvision.o(.text))
<BR><BR>[Calls]<UL><LI><a href="#[6]">&gt;&gt;</a>&nbsp;&nbsp;&nbsp;SVC_Handler
</UL>
<BR>[Called By]<UL><LI><a href="#[6]">&gt;&gt;</a>&nbsp;&nbsp;&nbsp;SVC_Handler
</UL>
<BR>[Address Reference Count : 1]<UL><LI> startup_msp432p4011_uvision.o(RESET)
</UL>
<P><STRONG><a name="[7]"></a>DebugMon_Handler</STRONG> (Thumb, 2 bytes, Stack size 0 bytes, startup_msp432p4011_uvision.o(.text))
<BR><BR>[Calls]<UL><LI><a href="#[7]">&gt;&gt;</a>&nbsp;&nbsp;&nbsp;DebugMon_Handler
</UL>
<BR>[Called By]<UL><LI><a href="#[7]">&gt;&gt;</a>&nbsp;&nbsp;&nbsp;DebugMon_Handler
</UL>
<BR>[Address Reference Count : 1]<UL><LI> startup_msp432p4011_uvision.o(RESET)
</UL>
<P><STRONG><a name="[8]"></a>PendSV_Handler</STRONG> (Thumb, 2 bytes, Stack size 0 bytes, startup_msp432p4011_uvision.o(.text))
<BR><BR>[Calls]<UL><LI><a href="#[8]">&gt;&gt;</a>&nbsp;&nbsp;&nbsp;PendSV_Handler
</UL>
<BR>[Called By]<UL><LI><a href="#[8]">&gt;&gt;</a>&nbsp;&nbsp;&nbsp;PendSV_Handler
</UL>
<BR>[Address Reference Count : 1]<UL><LI> startup_msp432p4011_uvision.o(RESET)
</UL>
<P><STRONG><a name="[9]"></a>SysTick_Handler</STRONG> (Thumb, 2 bytes, Stack size 0 bytes, startup_msp432p4011_uvision.o(.text))
<BR><BR>[Calls]<UL><LI><a href="#[9]">&gt;&gt;</a>&nbsp;&nbsp;&nbsp;SysTick_Handler
</UL>
<BR>[Called By]<UL><LI><a href="#[9]">&gt;&gt;</a>&nbsp;&nbsp;&nbsp;SysTick_Handler
</UL>
<BR>[Address Reference Count : 1]<UL><LI> startup_msp432p4011_uvision.o(RESET)
</UL>
<P><STRONG><a name="[1e]"></a>ADC14_IRQHandler</STRONG> (Thumb, 0 bytes, Stack size 0 bytes, startup_msp432p4011_uvision.o(.text))
<BR><BR>[Calls]<UL><LI><a href="#[1e]">&gt;&gt;</a>&nbsp;&nbsp;&nbsp;ADC14_IRQHandler
</UL>
<BR>[Called By]<UL><LI><a href="#[1e]">&gt;&gt;</a>&nbsp;&nbsp;&nbsp;ADC14_IRQHandler
</UL>
<BR>[Address Reference Count : 1]<UL><LI> startup_msp432p4011_uvision.o(RESET)
</UL>
<P><STRONG><a name="[22]"></a>AES256_IRQHandler</STRONG> (Thumb, 0 bytes, Stack size 0 bytes, startup_msp432p4011_uvision.o(.text))
<BR>[Address Reference Count : 1]<UL><LI> startup_msp432p4011_uvision.o(RESET)
</UL>
<P><STRONG><a name="[10]"></a>COMP_E0_IRQHandler</STRONG> (Thumb, 0 bytes, Stack size 0 bytes, startup_msp432p4011_uvision.o(.text))
<BR>[Address Reference Count : 1]<UL><LI> startup_msp432p4011_uvision.o(RESET)
</UL>
<P><STRONG><a name="[11]"></a>COMP_E1_IRQHandler</STRONG> (Thumb, 0 bytes, Stack size 0 bytes, startup_msp432p4011_uvision.o(.text))
<BR>[Address Reference Count : 1]<UL><LI> startup_msp432p4011_uvision.o(RESET)
</UL>
<P><STRONG><a name="[b]"></a>CS_IRQHandler</STRONG> (Thumb, 0 bytes, Stack size 0 bytes, startup_msp432p4011_uvision.o(.text))
<BR>[Address Reference Count : 1]<UL><LI> startup_msp432p4011_uvision.o(RESET)
</UL>
<P><STRONG><a name="[24]"></a>DMA_ERR_IRQHandler</STRONG> (Thumb, 0 bytes, Stack size 0 bytes, startup_msp432p4011_uvision.o(.text))
<BR>[Address Reference Count : 1]<UL><LI> startup_msp432p4011_uvision.o(RESET)
</UL>
<P><STRONG><a name="[28]"></a>DMA_INT0_IRQHandler</STRONG> (Thumb, 0 bytes, Stack size 0 bytes, startup_msp432p4011_uvision.o(.text))
<BR>[Address Reference Count : 1]<UL><LI> startup_msp432p4011_uvision.o(RESET)
</UL>
<P><STRONG><a name="[27]"></a>DMA_INT1_IRQHandler</STRONG> (Thumb, 0 bytes, Stack size 0 bytes, startup_msp432p4011_uvision.o(.text))
<BR>[Address Reference Count : 1]<UL><LI> startup_msp432p4011_uvision.o(RESET)
</UL>
<P><STRONG><a name="[26]"></a>DMA_INT2_IRQHandler</STRONG> (Thumb, 0 bytes, Stack size 0 bytes, startup_msp432p4011_uvision.o(.text))
<BR>[Address Reference Count : 1]<UL><LI> startup_msp432p4011_uvision.o(RESET)
</UL>
<P><STRONG><a name="[25]"></a>DMA_INT3_IRQHandler</STRONG> (Thumb, 0 bytes, Stack size 0 bytes, startup_msp432p4011_uvision.o(.text))
<BR>[Address Reference Count : 1]<UL><LI> startup_msp432p4011_uvision.o(RESET)
</UL>
<P><STRONG><a name="[18]"></a>EUSCIA0_IRQHandler</STRONG> (Thumb, 0 bytes, Stack size 0 bytes, startup_msp432p4011_uvision.o(.text))
<BR>[Address Reference Count : 1]<UL><LI> startup_msp432p4011_uvision.o(RESET)
</UL>
<P><STRONG><a name="[19]"></a>EUSCIA1_IRQHandler</STRONG> (Thumb, 0 bytes, Stack size 0 bytes, startup_msp432p4011_uvision.o(.text))
<BR>[Address Reference Count : 1]<UL><LI> startup_msp432p4011_uvision.o(RESET)
</UL>
<P><STRONG><a name="[1a]"></a>EUSCIA2_IRQHandler</STRONG> (Thumb, 0 bytes, Stack size 0 bytes, startup_msp432p4011_uvision.o(.text))
<BR>[Address Reference Count : 1]<UL><LI> startup_msp432p4011_uvision.o(RESET)
</UL>
<P><STRONG><a name="[1b]"></a>EUSCIB0_IRQHandler</STRONG> (Thumb, 0 bytes, Stack size 0 bytes, startup_msp432p4011_uvision.o(.text))
<BR>[Address Reference Count : 1]<UL><LI> startup_msp432p4011_uvision.o(RESET)
</UL>
<P><STRONG><a name="[1c]"></a>EUSCIB2_IRQHandler</STRONG> (Thumb, 0 bytes, Stack size 0 bytes, startup_msp432p4011_uvision.o(.text))
<BR>[Address Reference Count : 1]<UL><LI> startup_msp432p4011_uvision.o(RESET)
</UL>
<P><STRONG><a name="[1d]"></a>EUSCIB3_IRQHandler</STRONG> (Thumb, 0 bytes, Stack size 0 bytes, startup_msp432p4011_uvision.o(.text))
<BR>[Address Reference Count : 1]<UL><LI> startup_msp432p4011_uvision.o(RESET)
</UL>
<P><STRONG><a name="[f]"></a>FLCTL_A_IRQHandler</STRONG> (Thumb, 0 bytes, Stack size 0 bytes, startup_msp432p4011_uvision.o(.text))
<BR>[Address Reference Count : 1]<UL><LI> startup_msp432p4011_uvision.o(RESET)
</UL>
<P><STRONG><a name="[e]"></a>FPU_IRQHandler</STRONG> (Thumb, 0 bytes, Stack size 0 bytes, startup_msp432p4011_uvision.o(.text))
<BR>[Address Reference Count : 1]<UL><LI> startup_msp432p4011_uvision.o(RESET)
</UL>
<P><STRONG><a name="[c]"></a>PCM_IRQHandler</STRONG> (Thumb, 0 bytes, Stack size 0 bytes, startup_msp432p4011_uvision.o(.text))
<BR>[Address Reference Count : 1]<UL><LI> startup_msp432p4011_uvision.o(RESET)
</UL>
<P><STRONG><a name="[29]"></a>PORT1_IRQHandler</STRONG> (Thumb, 0 bytes, Stack size 0 bytes, startup_msp432p4011_uvision.o(.text))
<BR>[Address Reference Count : 1]<UL><LI> startup_msp432p4011_uvision.o(RESET)
</UL>
<P><STRONG><a name="[2a]"></a>PORT2_IRQHandler</STRONG> (Thumb, 0 bytes, Stack size 0 bytes, startup_msp432p4011_uvision.o(.text))
<BR>[Address Reference Count : 1]<UL><LI> startup_msp432p4011_uvision.o(RESET)
</UL>
<P><STRONG><a name="[2b]"></a>PORT3_IRQHandler</STRONG> (Thumb, 0 bytes, Stack size 0 bytes, startup_msp432p4011_uvision.o(.text))
<BR>[Address Reference Count : 1]<UL><LI> startup_msp432p4011_uvision.o(RESET)
</UL>
<P><STRONG><a name="[2c]"></a>PORT4_IRQHandler</STRONG> (Thumb, 0 bytes, Stack size 0 bytes, startup_msp432p4011_uvision.o(.text))
<BR>[Address Reference Count : 1]<UL><LI> startup_msp432p4011_uvision.o(RESET)
</UL>
<P><STRONG><a name="[2d]"></a>PORT5_IRQHandler</STRONG> (Thumb, 0 bytes, Stack size 0 bytes, startup_msp432p4011_uvision.o(.text))
<BR>[Address Reference Count : 1]<UL><LI> startup_msp432p4011_uvision.o(RESET)
</UL>
<P><STRONG><a name="[2e]"></a>PORT6_IRQHandler</STRONG> (Thumb, 0 bytes, Stack size 0 bytes, startup_msp432p4011_uvision.o(.text))
<BR>[Address Reference Count : 1]<UL><LI> startup_msp432p4011_uvision.o(RESET)
</UL>
<P><STRONG><a name="[a]"></a>PSS_IRQHandler</STRONG> (Thumb, 0 bytes, Stack size 0 bytes, startup_msp432p4011_uvision.o(.text))
<BR>[Address Reference Count : 1]<UL><LI> startup_msp432p4011_uvision.o(RESET)
</UL>
<P><STRONG><a name="[23]"></a>RTC_C_IRQHandler</STRONG> (Thumb, 0 bytes, Stack size 0 bytes, startup_msp432p4011_uvision.o(.text))
<BR>[Address Reference Count : 1]<UL><LI> startup_msp432p4011_uvision.o(RESET)
</UL>
<P><STRONG><a name="[1f]"></a>T32_INT1_IRQHandler</STRONG> (Thumb, 0 bytes, Stack size 0 bytes, startup_msp432p4011_uvision.o(.text))
<BR>[Address Reference Count : 1]<UL><LI> startup_msp432p4011_uvision.o(RESET)
</UL>
<P><STRONG><a name="[20]"></a>T32_INT2_IRQHandler</STRONG> (Thumb, 0 bytes, Stack size 0 bytes, startup_msp432p4011_uvision.o(.text))
<BR>[Address Reference Count : 1]<UL><LI> startup_msp432p4011_uvision.o(RESET)
</UL>
<P><STRONG><a name="[21]"></a>T32_INTC_IRQHandler</STRONG> (Thumb, 0 bytes, Stack size 0 bytes, startup_msp432p4011_uvision.o(.text))
<BR>[Address Reference Count : 1]<UL><LI> startup_msp432p4011_uvision.o(RESET)
</UL>
<P><STRONG><a name="[12]"></a>TA0_0_IRQHandler</STRONG> (Thumb, 0 bytes, Stack size 0 bytes, startup_msp432p4011_uvision.o(.text))
<BR>[Address Reference Count : 1]<UL><LI> startup_msp432p4011_uvision.o(RESET)
</UL>
<P><STRONG><a name="[13]"></a>TA0_N_IRQHandler</STRONG> (Thumb, 0 bytes, Stack size 0 bytes, startup_msp432p4011_uvision.o(.text))
<BR>[Address Reference Count : 1]<UL><LI> startup_msp432p4011_uvision.o(RESET)
</UL>
<P><STRONG><a name="[14]"></a>TA1_0_IRQHandler</STRONG> (Thumb, 0 bytes, Stack size 0 bytes, startup_msp432p4011_uvision.o(.text))
<BR>[Address Reference Count : 1]<UL><LI> startup_msp432p4011_uvision.o(RESET)
</UL>
<P><STRONG><a name="[15]"></a>TA1_N_IRQHandler</STRONG> (Thumb, 0 bytes, Stack size 0 bytes, startup_msp432p4011_uvision.o(.text))
<BR>[Address Reference Count : 1]<UL><LI> startup_msp432p4011_uvision.o(RESET)
</UL>
<P><STRONG><a name="[16]"></a>TA2_0_IRQHandler</STRONG> (Thumb, 0 bytes, Stack size 0 bytes, startup_msp432p4011_uvision.o(.text))
<BR>[Address Reference Count : 1]<UL><LI> startup_msp432p4011_uvision.o(RESET)
</UL>
<P><STRONG><a name="[17]"></a>TA2_N_IRQHandler</STRONG> (Thumb, 0 bytes, Stack size 0 bytes, startup_msp432p4011_uvision.o(.text))
<BR>[Address Reference Count : 1]<UL><LI> startup_msp432p4011_uvision.o(RESET)
</UL>
<P><STRONG><a name="[d]"></a>WDT_A_IRQHandler</STRONG> (Thumb, 0 bytes, Stack size 0 bytes, startup_msp432p4011_uvision.o(.text))
<BR>[Address Reference Count : 1]<UL><LI> startup_msp432p4011_uvision.o(RESET)
</UL>
<P><STRONG><a name="[33]"></a>__scatterload</STRONG> (Thumb, 28 bytes, Stack size 0 bytes, init.o(.text))
<BR><BR>[Calls]<UL><LI><a href="#[34]">&gt;&gt;</a>&nbsp;&nbsp;&nbsp;__main_after_scatterload
</UL>
<BR>[Called By]<UL><LI><a href="#[32]">&gt;&gt;</a>&nbsp;&nbsp;&nbsp;_main_scatterload
</UL>

<P><STRONG><a name="[44]"></a>__scatterload_rt2</STRONG> (Thumb, 0 bytes, Stack size 0 bytes, init.o(.text), UNUSED)

<P><STRONG><a name="[38]"></a>GPIO_setAsOutputPin</STRONG> (Thumb, 26 bytes, Stack size 0 bytes, gpio.o(i.GPIO_setAsOutputPin))
<BR><BR>[Called By]<UL><LI><a href="#[2f]">&gt;&gt;</a>&nbsp;&nbsp;&nbsp;main
</UL>

<P><STRONG><a name="[35]"></a>Interrupt_enableMaster</STRONG> (Thumb, 14 bytes, Stack size 8 bytes, interrupt.o(i.Interrupt_enableMaster))
<BR><BR>[Stack]<UL><LI>Max Depth = 8<LI>Call Chain = Interrupt_enableMaster
</UL>
<BR>[Calls]<UL><LI><a href="#[36]">&gt;&gt;</a>&nbsp;&nbsp;&nbsp;CPU_cpsie
</UL>
<BR>[Called By]<UL><LI><a href="#[2f]">&gt;&gt;</a>&nbsp;&nbsp;&nbsp;main
</UL>

<P><STRONG><a name="[30]"></a>SystemInit</STRONG> (Thumb, 122 bytes, Stack size 0 bytes, system_msp432p4011.o(i.SystemInit))
<BR>[Address Reference Count : 1]<UL><LI> startup_msp432p4011_uvision.o(.text)
</UL>
<P><STRONG><a name="[37]"></a>Timer32_initModule</STRONG> (Thumb, 60 bytes, Stack size 16 bytes, timer32.o(i.Timer32_initModule))
<BR><BR>[Stack]<UL><LI>Max Depth = 16<LI>Call Chain = Timer32_initModule
</UL>
<BR>[Called By]<UL><LI><a href="#[2f]">&gt;&gt;</a>&nbsp;&nbsp;&nbsp;main
</UL>

<P><STRONG><a name="[45]"></a>__scatterload_copy</STRONG> (Thumb, 14 bytes, Stack size unknown bytes, handlers.o(i.__scatterload_copy), UNUSED)

<P><STRONG><a name="[46]"></a>__scatterload_null</STRONG> (Thumb, 2 bytes, Stack size unknown bytes, handlers.o(i.__scatterload_null), UNUSED)

<P><STRONG><a name="[47]"></a>__scatterload_zeroinit</STRONG> (Thumb, 14 bytes, Stack size unknown bytes, handlers.o(i.__scatterload_zeroinit), UNUSED)

<P><STRONG><a name="[2f]"></a>main</STRONG> (Thumb, 40 bytes, Stack size 8 bytes, main.o(i.main))
<BR><BR>[Stack]<UL><LI>Max Depth = 24<LI>Call Chain = main &rArr; Timer32_initModule
</UL>
<BR>[Calls]<UL><LI><a href="#[37]">&gt;&gt;</a>&nbsp;&nbsp;&nbsp;Timer32_initModule
<LI><a href="#[35]">&gt;&gt;</a>&nbsp;&nbsp;&nbsp;Interrupt_enableMaster
<LI><a href="#[38]">&gt;&gt;</a>&nbsp;&nbsp;&nbsp;GPIO_setAsOutputPin
</UL>
<BR>[Address Reference Count : 1]<UL><LI> entry9a.o(.ARM.Collect$$$$0000000B)
</UL><P>
<H3>
Local Symbols
</H3><P>
<H3>
Undefined Global Symbols
</H3><HR></body></html>
