Component: ARM Compiler 5.06 update 3 (build 300) Tool: armlink [4d35c9]

==============================================================================

Section Cross References

    main.o(i.main) refers to timer32.o(i.Timer32_initModule) for Timer32_initModule
    main.o(i.main) refers to interrupt.o(i.Interrupt_enableMaster) for Interrupt_enableMaster
    main.o(i.main) refers to gpio.o(i.GPIO_setAsOutputPin) for GPIO_setAsOutputPin
    startup_msp432p4011_uvision.o(RESET) refers to startup_msp432p4011_uvision.o(STACK) for __initial_sp
    startup_msp432p4011_uvision.o(RESET) refers to startup_msp432p4011_uvision.o(.text) for Reset_Handler
    startup_msp432p4011_uvision.o(.text) refers to system_msp432p4011.o(i.SystemInit) for SystemInit
    startup_msp432p4011_uvision.o(.text) refers to entry.o(.ARM.Collect$$$$00000000) for __main
    system_msp432p4011.o(i.SystemCoreClockUpdate) refers to system_msp432p4011.o(.data) for SystemCoreClock
    gpio.o(i.GPIO_clearInterruptFlag) refers to gpio.o(.constdata) for .constdata
    gpio.o(i.GPIO_disableInterrupt) refers to gpio.o(.constdata) for .constdata
    gpio.o(i.GPIO_enableInterrupt) refers to gpio.o(.constdata) for .constdata
    gpio.o(i.GPIO_getEnabledInterruptStatus) refers to gpio.o(i.GPIO_getInterruptStatus) for GPIO_getInterruptStatus
    gpio.o(i.GPIO_getEnabledInterruptStatus) refers to gpio.o(.constdata) for .constdata
    gpio.o(i.GPIO_getInputPinValue) refers to gpio.o(.constdata) for .constdata
    gpio.o(i.GPIO_getInterruptStatus) refers to gpio.o(.constdata) for .constdata
    gpio.o(i.GPIO_interruptEdgeSelect) refers to gpio.o(.constdata) for .constdata
    gpio.o(i.GPIO_registerInterrupt) refers to interrupt.o(i.Interrupt_registerInterrupt) for Interrupt_registerInterrupt
    gpio.o(i.GPIO_registerInterrupt) refers to interrupt.o(i.Interrupt_enableInterrupt) for Interrupt_enableInterrupt
    gpio.o(i.GPIO_registerInterrupt) refers to gpio.o(.constdata) for .constdata
    gpio.o(i.GPIO_setAsInputPin) refers to gpio.o(.constdata) for .constdata
    gpio.o(i.GPIO_setAsInputPinWithPullDownResistor) refers to gpio.o(.constdata) for .constdata
    gpio.o(i.GPIO_setAsInputPinWithPullUpResistor) refers to gpio.o(.constdata) for .constdata
    gpio.o(i.GPIO_setAsOutputPin) refers to gpio.o(.constdata) for .constdata
    gpio.o(i.GPIO_setAsPeripheralModuleFunctionInputPin) refers to gpio.o(.constdata) for .constdata
    gpio.o(i.GPIO_setAsPeripheralModuleFunctionOutputPin) refers to gpio.o(.constdata) for .constdata
    gpio.o(i.GPIO_setDriveStrengthHigh) refers to gpio.o(.constdata) for .constdata
    gpio.o(i.GPIO_setDriveStrengthLow) refers to gpio.o(.constdata) for .constdata
    gpio.o(i.GPIO_setOutputHighOnPin) refers to gpio.o(.constdata) for .constdata
    gpio.o(i.GPIO_setOutputLowOnPin) refers to gpio.o(.constdata) for .constdata
    gpio.o(i.GPIO_toggleOutputOnPin) refers to gpio.o(.constdata) for .constdata
    gpio.o(i.GPIO_unregisterInterrupt) refers to interrupt.o(i.Interrupt_disableInterrupt) for Interrupt_disableInterrupt
    gpio.o(i.GPIO_unregisterInterrupt) refers to interrupt.o(i.Interrupt_unregisterInterrupt) for Interrupt_unregisterInterrupt
    gpio.o(i.GPIO_unregisterInterrupt) refers to gpio.o(.constdata) for .constdata
    interrupt.o(i.Interrupt_disableInterrupt) refers to interrupt.o(.constdata) for .constdata
    interrupt.o(i.Interrupt_disableMaster) refers to cpu.o(.emb_text) for CPU_cpsid
    interrupt.o(i.Interrupt_enableInterrupt) refers to interrupt.o(.constdata) for .constdata
    interrupt.o(i.Interrupt_enableMaster) refers to cpu.o(.emb_text) for CPU_cpsie
    interrupt.o(i.Interrupt_getPriority) refers to interrupt.o(.constdata) for .constdata
    interrupt.o(i.Interrupt_getPriorityGrouping) refers to interrupt.o(.constdata) for .constdata
    interrupt.o(i.Interrupt_getPriorityMask) refers to cpu.o(.emb_text) for CPU_basepriGet
    interrupt.o(i.Interrupt_isEnabled) refers to interrupt.o(.constdata) for .constdata
    interrupt.o(i.Interrupt_pendInterrupt) refers to interrupt.o(.constdata) for .constdata
    interrupt.o(i.Interrupt_registerInterrupt) refers to interrupt.o(vtable) for vtable
    interrupt.o(i.Interrupt_setPriority) refers to interrupt.o(.constdata) for .constdata
    interrupt.o(i.Interrupt_setPriorityGrouping) refers to interrupt.o(.constdata) for .constdata
    interrupt.o(i.Interrupt_setPriorityMask) refers to cpu.o(.emb_text) for CPU_basepriSet
    interrupt.o(i.Interrupt_unpendInterrupt) refers to interrupt.o(.constdata) for .constdata
    interrupt.o(i.Interrupt_unregisterInterrupt) refers to interrupt.o(i.IntDefaultHandler) for IntDefaultHandler
    interrupt.o(i.Interrupt_unregisterInterrupt) refers to interrupt.o(vtable) for vtable
    timer32.o(i.Timer32_registerInterrupt) refers to interrupt.o(i.Interrupt_registerInterrupt) for Interrupt_registerInterrupt
    timer32.o(i.Timer32_registerInterrupt) refers to interrupt.o(i.Interrupt_enableInterrupt) for Interrupt_enableInterrupt
    timer32.o(i.Timer32_unregisterInterrupt) refers to interrupt.o(i.Interrupt_disableInterrupt) for Interrupt_disableInterrupt
    timer32.o(i.Timer32_unregisterInterrupt) refers to interrupt.o(i.Interrupt_unregisterInterrupt) for Interrupt_unregisterInterrupt
    entry.o(.ARM.Collect$$$$00000000) refers (Special) to entry10a.o(.ARM.Collect$$$$0000000D) for __rt_final_cpp
    entry.o(.ARM.Collect$$$$00000000) refers (Special) to entry11a.o(.ARM.Collect$$$$0000000F) for __rt_final_exit
    entry.o(.ARM.Collect$$$$00000000) refers (Special) to entry7b.o(.ARM.Collect$$$$00000008) for _main_clock
    entry.o(.ARM.Collect$$$$00000000) refers (Special) to entry8b.o(.ARM.Collect$$$$0000000A) for _main_cpp_init
    entry.o(.ARM.Collect$$$$00000000) refers (Special) to entry9a.o(.ARM.Collect$$$$0000000B) for _main_init
    entry.o(.ARM.Collect$$$$00000000) refers (Special) to entry5.o(.ARM.Collect$$$$00000004) for _main_scatterload
    entry.o(.ARM.Collect$$$$00000000) refers (Special) to entry2.o(.ARM.Collect$$$$00000001) for _main_stk
    entry2.o(.ARM.Collect$$$$00000001) refers to entry2.o(.ARM.Collect$$$$00002712) for __lit__00000000
    entry2.o(.ARM.Collect$$$$00002712) refers to startup_msp432p4011_uvision.o(STACK) for __initial_sp
    entry2.o(__vectab_stack_and_reset_area) refers to startup_msp432p4011_uvision.o(STACK) for __initial_sp
    entry2.o(__vectab_stack_and_reset_area) refers to entry.o(.ARM.Collect$$$$00000000) for __main
    entry5.o(.ARM.Collect$$$$00000004) refers to init.o(.text) for __scatterload
    entry9a.o(.ARM.Collect$$$$0000000B) refers to main.o(i.main) for main
    entry9b.o(.ARM.Collect$$$$0000000C) refers to main.o(i.main) for main
    init.o(.text) refers to entry5.o(.ARM.Collect$$$$00000004) for __main_after_scatterload


==============================================================================

Removing Unused input sections from the image.

    Removing main.o(.rev16_text), (4 bytes).
    Removing main.o(.revsh_text), (4 bytes).
    Removing main.o(.rrx_text), (6 bytes).
    Removing isr.o(.rev16_text), (4 bytes).
    Removing isr.o(.revsh_text), (4 bytes).
    Removing isr.o(.rrx_text), (6 bytes).
    Removing pid.o(i.PID_Operation), (6 bytes).
    Removing pid.o(i.PID_SetTarget), (6 bytes).
    Removing startup_msp432p4011_uvision.o(HEAP), (0 bytes).
    Removing system_msp432p4011.o(.rev16_text), (4 bytes).
    Removing system_msp432p4011.o(.revsh_text), (4 bytes).
    Removing system_msp432p4011.o(.rrx_text), (6 bytes).
    Removing system_msp432p4011.o(i.SystemCoreClockUpdate), (628 bytes).
    Removing system_msp432p4011.o(.data), (4 bytes).
    Removing gpio.o(.rev16_text), (4 bytes).
    Removing gpio.o(.revsh_text), (4 bytes).
    Removing gpio.o(.rrx_text), (6 bytes).
    Removing gpio.o(i.GPIO_clearInterruptFlag), (20 bytes).
    Removing gpio.o(i.GPIO_disableInterrupt), (20 bytes).
    Removing gpio.o(i.GPIO_enableInterrupt), (20 bytes).
    Removing gpio.o(i.GPIO_getEnabledInterruptStatus), (56 bytes).
    Removing gpio.o(i.GPIO_getInputPinValue), (20 bytes).
    Removing gpio.o(i.GPIO_getInterruptStatus), (16 bytes).
    Removing gpio.o(i.GPIO_interruptEdgeSelect), (28 bytes).
    Removing gpio.o(i.GPIO_registerInterrupt), (28 bytes).
    Removing gpio.o(i.GPIO_setAsInputPin), (36 bytes).
    Removing gpio.o(i.GPIO_setAsInputPinWithPullDownResistor), (44 bytes).
    Removing gpio.o(i.GPIO_setAsInputPinWithPullUpResistor), (44 bytes).
    Removing gpio.o(i.GPIO_setAsPeripheralModuleFunctionInputPin), (60 bytes).
    Removing gpio.o(i.GPIO_setAsPeripheralModuleFunctionOutputPin), (60 bytes).
    Removing gpio.o(i.GPIO_setDriveStrengthHigh), (20 bytes).
    Removing gpio.o(i.GPIO_setDriveStrengthLow), (20 bytes).
    Removing gpio.o(i.GPIO_setOutputHighOnPin), (20 bytes).
    Removing gpio.o(i.GPIO_setOutputLowOnPin), (20 bytes).
    Removing gpio.o(i.GPIO_toggleOutputOnPin), (20 bytes).
    Removing gpio.o(i.GPIO_unregisterInterrupt), (28 bytes).
    Removing interrupt.o(.rev16_text), (4 bytes).
    Removing interrupt.o(.revsh_text), (4 bytes).
    Removing interrupt.o(.rrx_text), (6 bytes).
    Removing interrupt.o(i.IntDefaultHandler), (2 bytes).
    Removing interrupt.o(i.Interrupt_disableInterrupt), (92 bytes).
    Removing interrupt.o(i.Interrupt_disableMaster), (14 bytes).
    Removing interrupt.o(i.Interrupt_disableSleepOnIsrExit), (16 bytes).
    Removing interrupt.o(i.Interrupt_enableInterrupt), (92 bytes).
    Removing interrupt.o(i.Interrupt_enableSleepOnIsrExit), (16 bytes).
    Removing interrupt.o(i.Interrupt_getPriority), (24 bytes).
    Removing interrupt.o(i.Interrupt_getPriorityGrouping), (36 bytes).
    Removing interrupt.o(i.Interrupt_getPriorityMask), (10 bytes).
    Removing interrupt.o(i.Interrupt_getVectorTableAddress), (12 bytes).
    Removing interrupt.o(i.Interrupt_isEnabled), (100 bytes).
    Removing interrupt.o(i.Interrupt_pendInterrupt), (76 bytes).
    Removing interrupt.o(i.Interrupt_registerInterrupt), (48 bytes).
    Removing interrupt.o(i.Interrupt_setPriority), (36 bytes).
    Removing interrupt.o(i.Interrupt_setPriorityGrouping), (40 bytes).
    Removing interrupt.o(i.Interrupt_setPriorityMask), (4 bytes).
    Removing interrupt.o(i.Interrupt_setVectorTableAddress), (12 bytes).
    Removing interrupt.o(i.Interrupt_unpendInterrupt), (64 bytes).
    Removing interrupt.o(i.Interrupt_unregisterInterrupt), (20 bytes).
    Removing interrupt.o(.constdata), (144 bytes).
    Removing interrupt.o(vtable), (232 bytes).
    Removing timer32.o(.rev16_text), (4 bytes).
    Removing timer32.o(.revsh_text), (4 bytes).
    Removing timer32.o(.rrx_text), (6 bytes).
    Removing timer32.o(i.Timer32_clearInterruptFlag), (10 bytes).
    Removing timer32.o(i.Timer32_disableInterrupt), (10 bytes).
    Removing timer32.o(i.Timer32_enableInterrupt), (10 bytes).
    Removing timer32.o(i.Timer32_getInterruptStatus), (4 bytes).
    Removing timer32.o(i.Timer32_getValue), (4 bytes).
    Removing timer32.o(i.Timer32_haltTimer), (10 bytes).
    Removing timer32.o(i.Timer32_registerInterrupt), (18 bytes).
    Removing timer32.o(i.Timer32_setCount), (26 bytes).
    Removing timer32.o(i.Timer32_setCountInBackground), (26 bytes).
    Removing timer32.o(i.Timer32_startTimer), (24 bytes).
    Removing timer32.o(i.Timer32_unregisterInterrupt), (18 bytes).
    Removing cpu.o(.rev16_text), (4 bytes).
    Removing cpu.o(.revsh_text), (4 bytes).
    Removing cpu.o(.rrx_text), (6 bytes).

77 unused section(s) (total 2572 bytes) removed from the image.

==============================================================================

Image Symbol Table

    Local Symbols

    Symbol Name                              Value     Ov Type        Size  Object(Section)

    RESET                                    0x00000000   Section      308  startup_msp432p4011_uvision.o(RESET)
    ../clib/microlib/init/entry.s            0x00000000   Number         0  entry2.o ABSOLUTE
    ../clib/microlib/init/entry.s            0x00000000   Number         0  entry5.o ABSOLUTE
    ../clib/microlib/init/entry.s            0x00000000   Number         0  entry11b.o ABSOLUTE
    ../clib/microlib/init/entry.s            0x00000000   Number         0  entry11a.o ABSOLUTE
    ../clib/microlib/init/entry.s            0x00000000   Number         0  entry10b.o ABSOLUTE
    ../clib/microlib/init/entry.s            0x00000000   Number         0  entry10a.o ABSOLUTE
    ../clib/microlib/init/entry.s            0x00000000   Number         0  entry9b.o ABSOLUTE
    ../clib/microlib/init/entry.s            0x00000000   Number         0  entry9a.o ABSOLUTE
    ../clib/microlib/init/entry.s            0x00000000   Number         0  entry8b.o ABSOLUTE
    ../clib/microlib/init/entry.s            0x00000000   Number         0  entry8a.o ABSOLUTE
    ../clib/microlib/init/entry.s            0x00000000   Number         0  entry.o ABSOLUTE
    ../clib/microlib/init/entry.s            0x00000000   Number         0  entry7b.o ABSOLUTE
    ../clib/microlib/init/entry.s            0x00000000   Number         0  entry7a.o ABSOLUTE
    RTE\Device\MSP432P4011\startup_msp432p4011_uvision.s 0x00000000   Number         0  startup_msp432p4011_uvision.o ABSOLUTE
    RTE\Device\MSP432P4011\system_msp432p4011.c 0x00000000   Number         0  system_msp432p4011.o ABSOLUTE
    RTE\\Device\\MSP432P4011\\system_msp432p4011.c 0x00000000   Number         0  system_msp432p4011.o ABSOLUTE
    USER\\isr.c                              0x00000000   Number         0  isr.o ABSOLUTE
    USER\\main.c                             0x00000000   Number         0  main.o ABSOLUTE
    USER\isr.c                               0x00000000   Number         0  isr.o ABSOLUTE
    USER\main.c                              0x00000000   Number         0  main.o ABSOLUTE
    dc.s                                     0x00000000   Number         0  dc.o ABSOLUTE
    handlers.s                               0x00000000   Number         0  handlers.o ABSOLUTE
    init.s                                   0x00000000   Number         0  init.o ABSOLUTE
    lib\pid.c                                0x00000000   Number         0  pid.o ABSOLUTE
    source/ti/devices/msp432p4xx/driverlib/cpu.c 0x00000000   Number         0  cpu.o ABSOLUTE
    source/ti/devices/msp432p4xx/driverlib/cpu.c 0x00000000   Number         0  cpu.o ABSOLUTE
    source/ti/devices/msp432p4xx/driverlib/gpio.c 0x00000000   Number         0  gpio.o ABSOLUTE
    source/ti/devices/msp432p4xx/driverlib/gpio.c 0x00000000   Number         0  gpio.o ABSOLUTE
    source/ti/devices/msp432p4xx/driverlib/interrupt.c 0x00000000   Number         0  interrupt.o ABSOLUTE
    source/ti/devices/msp432p4xx/driverlib/interrupt.c 0x00000000   Number         0  interrupt.o ABSOLUTE
    source/ti/devices/msp432p4xx/driverlib/timer32.c 0x00000000   Number         0  timer32.o ABSOLUTE
    source/ti/devices/msp432p4xx/driverlib/timer32.c 0x00000000   Number         0  timer32.o ABSOLUTE
    .ARM.Collect$$$$00000000                 0x00000134   Section        0  entry.o(.ARM.Collect$$$$00000000)
    .ARM.Collect$$$$00000001                 0x00000134   Section        4  entry2.o(.ARM.Collect$$$$00000001)
    .ARM.Collect$$$$00000004                 0x00000138   Section        4  entry5.o(.ARM.Collect$$$$00000004)
    .ARM.Collect$$$$00000008                 0x0000013c   Section        0  entry7b.o(.ARM.Collect$$$$00000008)
    .ARM.Collect$$$$0000000A                 0x0000013c   Section        0  entry8b.o(.ARM.Collect$$$$0000000A)
    .ARM.Collect$$$$0000000B                 0x0000013c   Section        8  entry9a.o(.ARM.Collect$$$$0000000B)
    .ARM.Collect$$$$0000000D                 0x00000144   Section        0  entry10a.o(.ARM.Collect$$$$0000000D)
    .ARM.Collect$$$$0000000F                 0x00000144   Section        0  entry11a.o(.ARM.Collect$$$$0000000F)
    .ARM.Collect$$$$00002712                 0x00000144   Section        4  entry2.o(.ARM.Collect$$$$00002712)
    __lit__00000000                          0x00000144   Data           4  entry2.o(.ARM.Collect$$$$00002712)
    .emb_text                                0x00000148   Section       38  cpu.o(.emb_text)
    $v0                                      0x00000148   Number         0  cpu.o(.emb_text)
    .text                                    0x00000170   Section       36  startup_msp432p4011_uvision.o(.text)
    $v0                                      0x00000170   Number         0  startup_msp432p4011_uvision.o(.text)
    .text                                    0x00000194   Section       36  init.o(.text)
    i.GPIO_setAsOutputPin                    0x000001b8   Section        0  gpio.o(i.GPIO_setAsOutputPin)
    i.Interrupt_enableMaster                 0x000001d8   Section        0  interrupt.o(i.Interrupt_enableMaster)
    i.SystemInit                             0x000001e8   Section        0  system_msp432p4011.o(i.SystemInit)
    i.Timer32_initModule                     0x0000027c   Section        0  timer32.o(i.Timer32_initModule)
    i.__scatterload_copy                     0x000002b8   Section       14  handlers.o(i.__scatterload_copy)
    i.__scatterload_null                     0x000002c6   Section        2  handlers.o(i.__scatterload_null)
    i.__scatterload_zeroinit                 0x000002c8   Section       14  handlers.o(i.__scatterload_zeroinit)
    i.main                                   0x000002d8   Section        0  main.o(i.main)
    .constdata                               0x00000308   Section       76  gpio.o(.constdata)
    GPIO_PORT_TO_INT                         0x00000308   Data          28  gpio.o(.constdata)
    GPIO_PORT_TO_BASE                        0x00000324   Data          48  gpio.o(.constdata)
    STACK                                    0x20000000   Section      512  startup_msp432p4011_uvision.o(STACK)

    Global Symbols

    Symbol Name                              Value     Ov Type        Size  Object(Section)

    BuildAttributes$$THM_ISAv4$E$P$D$K$B$S$7EM$VFPi3$EXTD16$VFPS$VFMA$PE$A:L22UL41UL21$X:L11$S22US41US21$IEEE1$IW$USESV6$~STKCKD$USESV7$~SHL$OSPACE$EBA8$MICROLIB$REQ8$PRES8$EABIv2 0x00000000   Number         0  anon$$obj.o ABSOLUTE
    __ARM_use_no_argv                        0x00000000   Number         0  main.o ABSOLUTE
    __Vectors                                0x00000000   Data           4  startup_msp432p4011_uvision.o(RESET)
    __cpp_initialize__aeabi_                  - Undefined Weak Reference
    __cxa_finalize                            - Undefined Weak Reference
    __decompress                              - Undefined Weak Reference
    _clock_init                               - Undefined Weak Reference
    _microlib_exit                            - Undefined Weak Reference
    __Vectors_End                            0x00000134   Data           0  startup_msp432p4011_uvision.o(RESET)
    __Vectors_Size                           0x00000134   Number         0  startup_msp432p4011_uvision.o ABSOLUTE
    __main                                   0x00000135   Thumb Code     0  entry.o(.ARM.Collect$$$$00000000)
    _main_stk                                0x00000135   Thumb Code     0  entry2.o(.ARM.Collect$$$$00000001)
    _main_scatterload                        0x00000139   Thumb Code     0  entry5.o(.ARM.Collect$$$$00000004)
    __main_after_scatterload                 0x0000013d   Thumb Code     0  entry5.o(.ARM.Collect$$$$00000004)
    _main_clock                              0x0000013d   Thumb Code     0  entry7b.o(.ARM.Collect$$$$00000008)
    _main_cpp_init                           0x0000013d   Thumb Code     0  entry8b.o(.ARM.Collect$$$$0000000A)
    _main_init                               0x0000013d   Thumb Code     0  entry9a.o(.ARM.Collect$$$$0000000B)
    __rt_final_cpp                           0x00000145   Thumb Code     0  entry10a.o(.ARM.Collect$$$$0000000D)
    __rt_final_exit                          0x00000145   Thumb Code     0  entry11a.o(.ARM.Collect$$$$0000000F)
    CPU_cpsid                                0x00000149   Thumb Code     8  cpu.o(.emb_text)
    CPU_primask                              0x00000151   Thumb Code     6  cpu.o(.emb_text)
    CPU_cpsie                                0x00000157   Thumb Code     8  cpu.o(.emb_text)
    CPU_wfi                                  0x0000015f   Thumb Code     4  cpu.o(.emb_text)
    CPU_basepriSet                           0x00000163   Thumb Code     6  cpu.o(.emb_text)
    CPU_basepriGet                           0x00000169   Thumb Code     6  cpu.o(.emb_text)
    Reset_Handler                            0x00000171   Thumb Code     8  startup_msp432p4011_uvision.o(.text)
    NMI_Handler                              0x00000179   Thumb Code     2  startup_msp432p4011_uvision.o(.text)
    HardFault_Handler                        0x0000017b   Thumb Code     2  startup_msp432p4011_uvision.o(.text)
    MemManage_Handler                        0x0000017d   Thumb Code     2  startup_msp432p4011_uvision.o(.text)
    BusFault_Handler                         0x0000017f   Thumb Code     2  startup_msp432p4011_uvision.o(.text)
    UsageFault_Handler                       0x00000181   Thumb Code     2  startup_msp432p4011_uvision.o(.text)
    SVC_Handler                              0x00000183   Thumb Code     2  startup_msp432p4011_uvision.o(.text)
    DebugMon_Handler                         0x00000185   Thumb Code     2  startup_msp432p4011_uvision.o(.text)
    PendSV_Handler                           0x00000187   Thumb Code     2  startup_msp432p4011_uvision.o(.text)
    SysTick_Handler                          0x00000189   Thumb Code     2  startup_msp432p4011_uvision.o(.text)
    ADC14_IRQHandler                         0x0000018b   Thumb Code     0  startup_msp432p4011_uvision.o(.text)
    AES256_IRQHandler                        0x0000018b   Thumb Code     0  startup_msp432p4011_uvision.o(.text)
    COMP_E0_IRQHandler                       0x0000018b   Thumb Code     0  startup_msp432p4011_uvision.o(.text)
    COMP_E1_IRQHandler                       0x0000018b   Thumb Code     0  startup_msp432p4011_uvision.o(.text)
    CS_IRQHandler                            0x0000018b   Thumb Code     0  startup_msp432p4011_uvision.o(.text)
    DMA_ERR_IRQHandler                       0x0000018b   Thumb Code     0  startup_msp432p4011_uvision.o(.text)
    DMA_INT0_IRQHandler                      0x0000018b   Thumb Code     0  startup_msp432p4011_uvision.o(.text)
    DMA_INT1_IRQHandler                      0x0000018b   Thumb Code     0  startup_msp432p4011_uvision.o(.text)
    DMA_INT2_IRQHandler                      0x0000018b   Thumb Code     0  startup_msp432p4011_uvision.o(.text)
    DMA_INT3_IRQHandler                      0x0000018b   Thumb Code     0  startup_msp432p4011_uvision.o(.text)
    EUSCIA0_IRQHandler                       0x0000018b   Thumb Code     0  startup_msp432p4011_uvision.o(.text)
    EUSCIA1_IRQHandler                       0x0000018b   Thumb Code     0  startup_msp432p4011_uvision.o(.text)
    EUSCIA2_IRQHandler                       0x0000018b   Thumb Code     0  startup_msp432p4011_uvision.o(.text)
    EUSCIB0_IRQHandler                       0x0000018b   Thumb Code     0  startup_msp432p4011_uvision.o(.text)
    EUSCIB2_IRQHandler                       0x0000018b   Thumb Code     0  startup_msp432p4011_uvision.o(.text)
    EUSCIB3_IRQHandler                       0x0000018b   Thumb Code     0  startup_msp432p4011_uvision.o(.text)
    FLCTL_A_IRQHandler                       0x0000018b   Thumb Code     0  startup_msp432p4011_uvision.o(.text)
    FPU_IRQHandler                           0x0000018b   Thumb Code     0  startup_msp432p4011_uvision.o(.text)
    PCM_IRQHandler                           0x0000018b   Thumb Code     0  startup_msp432p4011_uvision.o(.text)
    PORT1_IRQHandler                         0x0000018b   Thumb Code     0  startup_msp432p4011_uvision.o(.text)
    PORT2_IRQHandler                         0x0000018b   Thumb Code     0  startup_msp432p4011_uvision.o(.text)
    PORT3_IRQHandler                         0x0000018b   Thumb Code     0  startup_msp432p4011_uvision.o(.text)
    PORT4_IRQHandler                         0x0000018b   Thumb Code     0  startup_msp432p4011_uvision.o(.text)
    PORT5_IRQHandler                         0x0000018b   Thumb Code     0  startup_msp432p4011_uvision.o(.text)
    PORT6_IRQHandler                         0x0000018b   Thumb Code     0  startup_msp432p4011_uvision.o(.text)
    PSS_IRQHandler                           0x0000018b   Thumb Code     0  startup_msp432p4011_uvision.o(.text)
    RTC_C_IRQHandler                         0x0000018b   Thumb Code     0  startup_msp432p4011_uvision.o(.text)
    T32_INT1_IRQHandler                      0x0000018b   Thumb Code     0  startup_msp432p4011_uvision.o(.text)
    T32_INT2_IRQHandler                      0x0000018b   Thumb Code     0  startup_msp432p4011_uvision.o(.text)
    T32_INTC_IRQHandler                      0x0000018b   Thumb Code     0  startup_msp432p4011_uvision.o(.text)
    TA0_0_IRQHandler                         0x0000018b   Thumb Code     0  startup_msp432p4011_uvision.o(.text)
    TA0_N_IRQHandler                         0x0000018b   Thumb Code     0  startup_msp432p4011_uvision.o(.text)
    TA1_0_IRQHandler                         0x0000018b   Thumb Code     0  startup_msp432p4011_uvision.o(.text)
    TA1_N_IRQHandler                         0x0000018b   Thumb Code     0  startup_msp432p4011_uvision.o(.text)
    TA2_0_IRQHandler                         0x0000018b   Thumb Code     0  startup_msp432p4011_uvision.o(.text)
    TA2_N_IRQHandler                         0x0000018b   Thumb Code     0  startup_msp432p4011_uvision.o(.text)
    WDT_A_IRQHandler                         0x0000018b   Thumb Code     0  startup_msp432p4011_uvision.o(.text)
    __scatterload                            0x00000195   Thumb Code    28  init.o(.text)
    __scatterload_rt2                        0x00000195   Thumb Code     0  init.o(.text)
    GPIO_setAsOutputPin                      0x000001b9   Thumb Code    26  gpio.o(i.GPIO_setAsOutputPin)
    Interrupt_enableMaster                   0x000001d9   Thumb Code    14  interrupt.o(i.Interrupt_enableMaster)
    SystemInit                               0x000001e9   Thumb Code   122  system_msp432p4011.o(i.SystemInit)
    Timer32_initModule                       0x0000027d   Thumb Code    60  timer32.o(i.Timer32_initModule)
    __scatterload_copy                       0x000002b9   Thumb Code    14  handlers.o(i.__scatterload_copy)
    __scatterload_null                       0x000002c7   Thumb Code     2  handlers.o(i.__scatterload_null)
    __scatterload_zeroinit                   0x000002c9   Thumb Code    14  handlers.o(i.__scatterload_zeroinit)
    main                                     0x000002d9   Thumb Code    40  main.o(i.main)
    Region$$Table$$Base                      0x00000354   Number         0  anon$$obj.o(Region$$Table)
    Region$$Table$$Limit                     0x00000364   Number         0  anon$$obj.o(Region$$Table)
    __initial_sp                             0x20000200   Data           0  startup_msp432p4011_uvision.o(STACK)



==============================================================================

Memory Map of the image

  Image Entry point : 0x00000135

  Load Region LR_IROM1 (Base: 0x00000000, Size: 0x00000364, Max: 0x00200000, ABSOLUTE)

    Execution Region ER_IROM1 (Base: 0x00000000, Size: 0x00000364, Max: 0x00200000, ABSOLUTE)

    Base Addr    Size         Type   Attr      Idx    E Section Name        Object

    0x00000000   0x00000134   Data   RO          200    RESET               startup_msp432p4011_uvision.o
    0x00000134   0x00000000   Code   RO          696  * .ARM.Collect$$$$00000000  mc_w.l(entry.o)
    0x00000134   0x00000004   Code   RO          699    .ARM.Collect$$$$00000001  mc_w.l(entry2.o)
    0x00000138   0x00000004   Code   RO          702    .ARM.Collect$$$$00000004  mc_w.l(entry5.o)
    0x0000013c   0x00000000   Code   RO          704    .ARM.Collect$$$$00000008  mc_w.l(entry7b.o)
    0x0000013c   0x00000000   Code   RO          706    .ARM.Collect$$$$0000000A  mc_w.l(entry8b.o)
    0x0000013c   0x00000008   Code   RO          707    .ARM.Collect$$$$0000000B  mc_w.l(entry9a.o)
    0x00000144   0x00000000   Code   RO          709    .ARM.Collect$$$$0000000D  mc_w.l(entry10a.o)
    0x00000144   0x00000000   Code   RO          711    .ARM.Collect$$$$0000000F  mc_w.l(entry11a.o)
    0x00000144   0x00000004   Code   RO          700    .ARM.Collect$$$$00002712  mc_w.l(entry2.o)
    0x00000148   0x00000026   Code   RO          677    .emb_text           msp432p4xx_driverlib.lib(cpu.o)
    0x0000016e   0x00000002   PAD
    0x00000170   0x00000024   Code   RO          201    .text               startup_msp432p4011_uvision.o
    0x00000194   0x00000024   Code   RO          713    .text               mc_w.l(init.o)
    0x000001b8   0x00000020   Code   RO          268    i.GPIO_setAsOutputPin  msp432p4xx_driverlib.lib(gpio.o)
    0x000001d8   0x0000000e   Code   RO          446    i.Interrupt_enableMaster  msp432p4xx_driverlib.lib(interrupt.o)
    0x000001e6   0x00000002   PAD
    0x000001e8   0x00000094   Code   RO          209    i.SystemInit        system_msp432p4011.o
    0x0000027c   0x0000003c   Code   RO          590    i.Timer32_initModule  msp432p4xx_driverlib.lib(timer32.o)
    0x000002b8   0x0000000e   Code   RO          717    i.__scatterload_copy  mc_w.l(handlers.o)
    0x000002c6   0x00000002   Code   RO          718    i.__scatterload_null  mc_w.l(handlers.o)
    0x000002c8   0x0000000e   Code   RO          719    i.__scatterload_zeroinit  mc_w.l(handlers.o)
    0x000002d6   0x00000002   PAD
    0x000002d8   0x00000030   Code   RO            4    i.main              main.o
    0x00000308   0x0000004c   Data   RO          277    .constdata          msp432p4xx_driverlib.lib(gpio.o)
    0x00000354   0x00000010   Data   RO          715    Region$$Table       anon$$obj.o


    Execution Region RW_IRAM1 (Base: 0x20000000, Size: 0x00000200, Max: 0x00040000, ABSOLUTE)

    Base Addr    Size         Type   Attr      Idx    E Section Name        Object

    0x20000000   0x00000200   Zero   RW          198    STACK               startup_msp432p4011_uvision.o


==============================================================================

Image component sizes


      Code (inc. data)   RO Data    RW Data    ZI Data      Debug   Object Name

        48          8          0          0          0       1951   main.o
        36          8        308          0        512        860   startup_msp432p4011_uvision.o
       148         26          0          0          0        545   system_msp432p4011.o

    ----------------------------------------------------------------------
       232         42        324          0        512       3356   Object Totals
         0          0         16          0          0          0   (incl. Generated)
         0          0          0          0          0          0   (incl. Padding)

    ----------------------------------------------------------------------

      Code (inc. data)   RO Data    RW Data    ZI Data      Debug   Library Member Name

         0          0          0          0          0          0   entry.o
         0          0          0          0          0          0   entry10a.o
         0          0          0          0          0          0   entry11a.o
         8          4          0          0          0          0   entry2.o
         4          0          0          0          0          0   entry5.o
         0          0          0          0          0          0   entry7b.o
         0          0          0          0          0          0   entry8b.o
         8          4          0          0          0          0   entry9a.o
        30          0          0          0          0          0   handlers.o
        36          8          0          0          0         68   init.o
        38          0          0          0          0        676   cpu.o
        32          6         76          0          0       4784   gpio.o
        14          0          0          0          0        629   interrupt.o
        60          0          0          0          0        805   timer32.o

    ----------------------------------------------------------------------
       236         22         76          0          0       6962   Library Totals
         6          0          0          0          0          0   (incl. Padding)

    ----------------------------------------------------------------------

      Code (inc. data)   RO Data    RW Data    ZI Data      Debug   Library Name

        86         16          0          0          0         68   mc_w.l
       144          6         76          0          0       6894   msp432p4xx_driverlib.lib

    ----------------------------------------------------------------------
       236         22         76          0          0       6962   Library Totals

    ----------------------------------------------------------------------

==============================================================================


      Code (inc. data)   RO Data    RW Data    ZI Data      Debug   

       468         64        400          0        512      10322   Grand Totals
       468         64        400          0        512      10322   ELF Image Totals
       468         64        400          0          0          0   ROM Totals

==============================================================================

    Total RO  Size (Code + RO Data)                  868 (   0.85kB)
    Total RW  Size (RW Data + ZI Data)               512 (   0.50kB)
    Total ROM Size (Code + RO Data + RW Data)        868 (   0.85kB)

==============================================================================

